BL51 BANKED LINKER/LOCATER V6.22                                                        03/29/2017  18:17:41  PAGE 1


BL51 BANKED LINKER/LOCATER V6.22, INVOKED BY:
E:\KEILC\C51\BIN\BL51.EXE .\Objects\test.obj, .\Objects\FU68xx_SPI.obj, .\Objects\Parity.obj TO .\Objects\Test PRINT (.\
>> Listings\Test.m51) RAMSIZE (256)


MEMORY MODEL: LARGE


INPUT MODULES INCLUDED:
  .\Objects\test.obj (TEST)
  .\Objects\FU68xx_SPI.obj (FU68XX_SPI)
  .\Objects\Parity.obj (PARITY)
  E:\KEILC\C51\LIB\C51L.LIB (?C_STARTUP)
  E:\KEILC\C51\LIB\C51L.LIB (?C?CLDPTR)
  E:\KEILC\C51\LIB\C51L.LIB (?C?CSTPTR)
  E:\KEILC\C51\LIB\C51L.LIB (?C?IILDX)
  E:\KEILC\C51\LIB\C51L.LIB (?C?ULDIV)
  E:\KEILC\C51\LIB\C51L.LIB (?C?LSTKXDATA)
  E:\KEILC\C51\LIB\C51L.LIB (?C_INIT)


LINK MAP OF MODULE:  .\Objects\Test (TEST)


            TYPE    BASE      LENGTH    RELOCATION   SEGMENT NAME
            -----------------------------------------------------

            * * * * * * *   D A T A   M E M O R Y   * * * * * * *
            REG     0000H     0008H     ABSOLUTE     "REG BANK 0"
                    0008H     0018H                  *** GAP ***
            BIT     0020H.0   0000H.1   UNIT         _BIT_GROUP_
                    0020H.1   0000H.7                *** GAP ***
            IDATA   0021H     0001H     UNIT         ?STACK

            * * * * * * *  X D A T A   M E M O R Y  * * * * * * *
            XDATA   0000H     0100H     UNIT         ?XD?PARITY
            XDATA   0100H     0007H     UNIT         ?XD?_SENDRECEIVE_BYTES_SPI?FU68XX_SPI
            XDATA   0107H     0006H     UNIT         _XDATA_GROUP_
            XDATA   010DH     0002H     UNIT         ?XD?TEST

            * * * * * * *   C O D E   M E M O R Y   * * * * * * *
            CODE    0000H     0003H     ABSOLUTE     
            CODE    0003H     0140H     UNIT         ?C?LIB_CODE
            CODE    0143H     0105H     UNIT         ?C_INITSEG
            CODE    0248H     008CH     UNIT         ?C_C51STARTUP
            CODE    02D4H     005FH     UNIT         ?PR?_SENDRECEIVE_BYTES_SPI?FU68XX_SPI
            CODE    0333H     0049H     UNIT         ?PR?_INIT_SPI?FU68XX_SPI
            CODE    037CH     0026H     UNIT         ?PR?MAIN?TEST
            CODE    03A2H     0012H     UNIT         ?PR?_SENDRECEIVE_BYTE_SPI?FU68XX_SPI



OVERLAY MAP OF MODULE:   .\Objects\Test (TEST)


SEGMENT                                          BIT_GROUP          XDATA_GROUP
  +--> CALLED SEGMENT                         START    LENGTH     START    LENGTH
---------------------------------------------------------------------------------
BL51 BANKED LINKER/LOCATER V6.22                                                      03/29/2017  18:17:41  PAGE 2


?C_C51STARTUP                                 -----    -----      -----    -----
  +--> ?PR?MAIN?TEST
  +--> ?C_INITSEG

?PR?MAIN?TEST                                 -----    -----      -----    -----
  +--> ?PR?_INIT_SPI?FU68XX_SPI

?PR?_INIT_SPI?FU68XX_SPI                      0020H.0  0000H.1    0107H    0006H



SYMBOL TABLE OF MODULE:  .\Objects\Test (TEST)

  VALUE           TYPE          NAME
  ----------------------------------

  -------         MODULE        TEST
  C:0000H         SYMBOL        _ICE_DUMMY_
  D:0080H         PUBLIC        P0
  D:0090H         PUBLIC        P1
  D:00A0H         PUBLIC        P2
  D:00B0H         PUBLIC        P3
  D:00FFH         PUBLIC        P3OE
  C:037CH         PUBLIC        main
  X:010DH         PUBLIC        Package
  D:00B8H         PUBLIC        IP0
  D:00C0H         PUBLIC        IP1
  D:00C8H         PUBLIC        IP2
  D:00D8H         PUBLIC        IP3
  D:00D0H         PUBLIC        PSW
  -------         PROC          MAIN
  C:037CH         LINE#         25
  C:037CH         LINE#         26
  C:037CH         LINE#         27
  C:037FH         LINE#         28
  C:0392H         LINE#         29
  C:0399H         LINE#         30
  C:0399H         LINE#         31
  C:0399H         LINE#         32
  C:03A0H         LINE#         34
  -------         ENDPROC       MAIN
  -------         ENDMOD        TEST

  -------         MODULE        FU68XX_SPI
  C:0000H         SYMBOL        _ICE_DUMMY_
  D:0080H         PUBLIC        P0
  D:0090H         PUBLIC        P1
  D:00A0H         PUBLIC        P2
  D:00B0H         PUBLIC        P3
  C:02D4H         PUBLIC        _SendReceive_Bytes_SPI
  C:03A2H         PUBLIC        _SendReceive_Byte_SPI
  B:00A8H.3       PUBLIC        SPI_IE
  C:0333H         PUBLIC        _Init_SPI
  -------         PROC          _INIT_SPI
  X:0107H         SYMBOL        Line_Mode
  X:0108H         SYMBOL        Config
  X:0109H         SYMBOL        SPEED
BL51 BANKED LINKER/LOCATER V6.22                                                      03/29/2017  18:17:41  PAGE 3


  B:0020H.0       SYMBOL        EnIrq
  C:0333H         LINE#         36
  C:033BH         LINE#         37
  C:033BH         LINE#         38
  C:0358H         LINE#         39
  C:0366H         LINE#         41
  C:036EH         LINE#         42
  C:0377H         LINE#         43
  C:037BH         LINE#         44
  -------         ENDPROC       _INIT_SPI
  -------         PROC          _SENDRECEIVE_BYTE_SPI
  D:0007H         SYMBOL        SendDat
  -------         DO            
  D:0007H         SYMBOL        tmp
  -------         ENDDO         
  C:03A2H         LINE#         56
  C:03A2H         LINE#         57
  C:03A2H         LINE#         60
  C:03A7H         LINE#         61
  C:03AEH         LINE#         62
  C:03B3H         LINE#         64
  C:03B3H         LINE#         65
  -------         ENDPROC       _SENDRECEIVE_BYTE_SPI
  -------         PROC          _SENDRECEIVE_BYTES_SPI
  X:0100H         SYMBOL        SendDat
  X:0103H         SYMBOL        ReceiveDat
  X:0106H         SYMBOL        len
  C:02D4H         LINE#         78
  C:02DFH         LINE#         79
  C:02DFH         LINE#         80
  C:02E9H         LINE#         81
  C:02E9H         LINE#         82
  C:02FBH         LINE#         83
  C:0305H         LINE#         84
  C:0312H         LINE#         86
  C:0326H         LINE#         87
  C:0330H         LINE#         88
  C:0332H         LINE#         89
  -------         ENDPROC       _SENDRECEIVE_BYTES_SPI
  -------         ENDMOD        FU68XX_SPI

  -------         MODULE        PARITY
  C:0000H         SYMBOL        _ICE_DUMMY_
  X:0000H         PUBLIC        EVENTable
  -------         ENDMOD        PARITY

  -------         MODULE        ?C?CLDPTR
  C:0003H         PUBLIC        ?C?CLDPTR
  -------         ENDMOD        ?C?CLDPTR

  -------         MODULE        ?C?CSTPTR
  C:001CH         PUBLIC        ?C?CSTPTR
  -------         ENDMOD        ?C?CSTPTR

  -------         MODULE        ?C?IILDX
  C:002EH         PUBLIC        ?C?IILDX
  -------         ENDMOD        ?C?IILDX
BL51 BANKED LINKER/LOCATER V6.22                                                      03/29/2017  18:17:41  PAGE 4



  -------         MODULE        ?C?ULDIV
  C:0080H         PUBLIC        ?C?ULDIV
  -------         ENDMOD        ?C?ULDIV

  -------         MODULE        ?C?LSTKXDATA
  C:0112H         PUBLIC        ?C?LSTKXDATA
  -------         ENDMOD        ?C?LSTKXDATA

*** WARNING L16: UNCALLED SEGMENT, IGNORED FOR OVERLAY PROCESS
    SEGMENT: ?PR?_SENDRECEIVE_BYTE_SPI?FU68XX_SPI

*** WARNING L16: UNCALLED SEGMENT, IGNORED FOR OVERLAY PROCESS
    SEGMENT: ?PR?_SENDRECEIVE_BYTES_SPI?FU68XX_SPI

Program Size: data=9.1 xdata=271 code=948
LINK/LOCATE RUN COMPLETE.  2 WARNING(S),  0 ERROR(S)
