BL51 BANKED LINKER/LOCATER V6.22                                                        04/05/2017  22:53:34  PAGE 1


BL51 BANKED LINKER/LOCATER V6.22, INVOKED BY:
D:\KEIL\C51\BIN\BL51.EXE .\Objects\Init.obj, .\Objects\Interrupt.obj, .\Objects\main.obj, .\Objects\AS5048.obj, .\Object
>> s\FU68xx_CTimer.obj, .\Objects\FU68xx_SPI.obj, .\Objects\FU68xx_UART.obj, .\Objects\FU68xx_ADC.obj, .\Objects\FU68xx_
>> FOC.obj, .\Objects\API_RGB.obj, .\Objects\API_ANO_TC.obj, .\Objects\API_Delay.obj TO .\Objects\Test PRINT (.\Listings
>> \Test.m51) RAMSIZE (256)


MEMORY MODEL: SMALL


INPUT MODULES INCLUDED:
  .\Objects\Init.obj (INIT)
  .\Objects\Interrupt.obj (INTERRUPT)
  .\Objects\main.obj (MAIN)
  .\Objects\AS5048.obj (AS5048)
  .\Objects\FU68xx_CTimer.obj (FU68XX_CTIMER)
  .\Objects\FU68xx_SPI.obj (FU68XX_SPI)
  .\Objects\FU68xx_UART.obj (FU68XX_UART)
  .\Objects\FU68xx_ADC.obj (FU68XX_ADC)
  .\Objects\FU68xx_FOC.obj (FU68XX_FOC)
  .\Objects\API_RGB.obj (API_RGB)
  .\Objects\API_ANO_TC.obj (API_ANO_TC)
  .\Objects\API_Delay.obj (API_DELAY)
  D:\KEIL\C51\LIB\C51S.LIB (?C_STARTUP)
  D:\KEIL\C51\LIB\C51S.LIB (?C?COPY)
  D:\KEIL\C51\LIB\C51S.LIB (?C?CLDPTR)
  D:\KEIL\C51\LIB\C51S.LIB (?C?CSTPTR)
  D:\KEIL\C51\LIB\C51S.LIB (?C?ISTPTR)
  D:\KEIL\C51\LIB\C51S.LIB (?C?ULDIV)
  D:\KEIL\C51\LIB\C51S.LIB (?C?SLSHR)
  D:\KEIL\C51\LIB\C51S.LIB (?C?MEMSET)
  D:\KEIL\C51\LIB\C51S.LIB (?C_INIT)


LINK MAP OF MODULE:  .\Objects\Test (INIT)


            TYPE    BASE      LENGTH    RELOCATION   SEGMENT NAME
            -----------------------------------------------------

            * * * * * * *   D A T A   M E M O R Y   * * * * * * *
            REG     0000H     0008H     ABSOLUTE     "REG BANK 0"
            DATA    0008H     000DH     UNIT         _DATA_GROUP_
            DATA    0015H     000BH     UNIT         ?DT?API_ANO_TC
            BIT     0020H.0   0000H.2   UNIT         ?BI?INTERRUPT
            BIT     0020H.2   0000H.2   UNIT         _BIT_GROUP_
            BIT     0020H.4   0000H.1   UNIT         ?BI?_SWITCH_CTIMER?FU68XX_CTIMER
                    0020H.5   0000H.3                *** GAP ***
            DATA    0021H     000CH     UNIT         ?DT?CALIBRATE_FOC?FU68XX_FOC
            DATA    002DH     0007H     UNIT         ?DT?_READ_AS5048?AS5048
            DATA    0034H     0007H     UNIT         ?DT?_SENDRECEIVE_BYTES_SPI?FU68XX_SPI
            DATA    003BH     0004H     UNIT         ?DT?_WRITE_AS5048?AS5048
            DATA    003FH     0002H     UNIT         ?DT?AS5048
            DATA    0041H     0001H     UNIT         ?DT?INTERRUPT
            IDATA   0042H     0001H     UNIT         ?STACK

            * * * * * * *   C O D E   M E M O R Y   * * * * * * *
            CODE    0000H     0003H     ABSOLUTE     
BL51 BANKED LINKER/LOCATER V6.22                                                      04/05/2017  22:53:34  PAGE 2


            CODE    0003H     0044H     UNIT         ?PR?_INIT_ADC?FU68XX_ADC
            CODE    0047H     0004H     UNIT         ?CO?FU68XX_CTIMER
            CODE    004BH     0003H     ABSOLUTE     
            CODE    004EH     024EH     UNIT         ?C?LIB_CODE
            CODE    029CH     00B6H     UNIT         ?PR?CALIBRATE_FOC?FU68XX_FOC
            CODE    0352H     00A7H     UNIT         ?PR?INIT_FOC?FU68XX_FOC
            CODE    03F9H     008CH     UNIT         ?PR?_READ_AS5048?AS5048
            CODE    0485H     008CH     UNIT         ?C_C51STARTUP
            CODE    0511H     0086H     UNIT         ?PR?_WRITE_AS5048?AS5048
            CODE    0597H     0081H     UNIT         ?PR?_INIT_CTIMER?FU68XX_CTIMER
            CODE    0618H     0062H     UNIT         ?PR?INIT?INIT
            CODE    067AH     0058H     UNIT         ?PR?MAIN?MAIN
            CODE    06D2H     004DH     UNIT         ?PR?_SENDRECEIVE_BYTES_SPI?FU68XX_SPI
            CODE    071FH     003BH     UNIT         ?PR?_SWITCH_CTIMER?FU68XX_CTIMER
            CODE    075AH     003BH     UNIT         ?PR?_INIT_SPI?FU68XX_SPI
            CODE    0795H     003AH     UNIT         ?PR?_INIT_UART?FU68XX_UART
            CODE    07CFH     0039H     UNIT         ?PR?_PARITY16?AS5048
            CODE    0808H     0035H     UNIT         ?PR?READ_ANG_AS5048?AS5048
            CODE    083DH     002FH     UNIT         ?PR?SEND_ANO_PACKAGE?API_ANO_TC
            CODE    086CH     0028H     UNIT         ?PR?_RESET_ANO_PACKAGE?API_ANO_TC
            CODE    0894H     0027H     UNIT         ?PR?_SENDRECEIVE_DBYTE_SPI?FU68XX_SPI
            CODE    08BBH     0021H     UNIT         ?PR?IRQ_CTIMER23?INTERRUPT
            CODE    08DCH     0021H     UNIT         ?PR?_MS_DELAY?API_DELAY
            CODE    08FDH     001CH     UNIT         ?PR?_SEND_UART?FU68XX_UART
            CODE    0919H     001AH     UNIT         ?PR?_LOAD_ANO_PACKAGE?API_ANO_TC
            CODE    0933H     0012H     UNIT         ?PR?_SENDRECEIVE_BYTE_SPI?FU68XX_SPI
            CODE    0945H     0010H     UNIT         ?PR?INIT_RGB?API_RGB
            CODE    0955H     0008H     UNIT         ?PR?_SEND_BYTE_UART?FU68XX_UART
            CODE    095DH     0008H     UNIT         ?CO?FU68XX_FOC
            CODE    0965H     0007H     UNIT         ?C_INITSEG



OVERLAY MAP OF MODULE:   .\Objects\Test (INIT)


SEGMENT                                          BIT_GROUP          DATA_GROUP 
  +--> CALLED SEGMENT                         START    LENGTH     START    LENGTH
---------------------------------------------------------------------------------
?C_C51STARTUP                                 -----    -----      -----    -----
  +--> ?PR?MAIN?MAIN
  +--> ?C_INITSEG

?PR?MAIN?MAIN                                 0020H.2  0000H.1    0008H    0006H
  +--> ?PR?INIT?INIT
  +--> ?PR?READ_ANG_AS5048?AS5048
  +--> ?PR?_LOAD_ANO_PACKAGE?API_ANO_TC
  +--> ?PR?SEND_ANO_PACKAGE?API_ANO_TC
  +--> ?PR?_RESET_ANO_PACKAGE?API_ANO_TC

?PR?INIT?INIT                                 -----    -----      -----    -----
  +--> ?PR?INIT_RGB?API_RGB
  +--> ?PR?_INIT_SPI?FU68XX_SPI
  +--> ?PR?_INIT_CTIMER?FU68XX_CTIMER
  +--> ?PR?_INIT_UART?FU68XX_UART
  +--> ?PR?INIT_FOC?FU68XX_FOC
  +--> ?PR?_RESET_ANO_PACKAGE?API_ANO_TC
BL51 BANKED LINKER/LOCATER V6.22                                                      04/05/2017  22:53:34  PAGE 3


  +--> ?PR?_SENDRECEIVE_DBYTE_SPI?FU68XX_SPI

?PR?_INIT_SPI?FU68XX_SPI                      0020H.3  0000H.1    000EH    0006H

?PR?_INIT_CTIMER?FU68XX_CTIMER                -----    -----      000EH    0007H
  +--> ?CO?FU68XX_CTIMER

?PR?_INIT_UART?FU68XX_UART                    0020H.3  0000H.1    000EH    0006H

?PR?INIT_FOC?FU68XX_FOC                       -----    -----      -----    -----
  +--> ?PR?_MS_DELAY?API_DELAY

?PR?_RESET_ANO_PACKAGE?API_ANO_TC             -----    -----      000EH    0002H

?PR?READ_ANG_AS5048?AS5048                    -----    -----      -----    -----
  +--> ?PR?_SENDRECEIVE_DBYTE_SPI?FU68XX_SPI

?PR?SEND_ANO_PACKAGE?API_ANO_TC               -----    -----      -----    -----
  +--> ?PR?_SEND_BYTE_UART?FU68XX_UART



SYMBOL TABLE OF MODULE:  .\Objects\Test (INIT)

  VALUE           TYPE          NAME
  ----------------------------------

  -------         MODULE        INIT
  C:0000H         SYMBOL        _ICE_DUMMY_
  D:0080H         PUBLIC        P0
  D:0090H         PUBLIC        P1
  D:00A0H         PUBLIC        P2
  D:00B0H         PUBLIC        P3
  B:00A8H.7       PUBLIC        EA
  C:0618H         PUBLIC        Init
  D:00B8H         PUBLIC        IP0
  D:00C0H         PUBLIC        IP1
  D:00C8H         PUBLIC        IP2
  D:00D8H         PUBLIC        IP3
  D:00D0H         PUBLIC        PSW
  -------         PROC          INIT
  C:0618H         LINE#         35
  C:0618H         LINE#         36
  C:0618H         LINE#         37
  C:061BH         LINE#         38
  C:0630H         LINE#         39
  C:0644H         LINE#         40
  C:0659H         LINE#         41
  C:065CH         LINE#         43
  C:065EH         LINE#         45
  C:0665H         LINE#         47
  C:066CH         LINE#         48
  C:0672H         LINE#         49
  C:0679H         LINE#         51
  -------         ENDPROC       INIT
  -------         ENDMOD        INIT

BL51 BANKED LINKER/LOCATER V6.22                                                      04/05/2017  22:53:34  PAGE 4


  -------         MODULE        INTERRUPT
  C:0000H         SYMBOL        _ICE_DUMMY_
  D:0080H         PUBLIC        P0
  D:0090H         PUBLIC        P1
  D:00A0H         PUBLIC        P2
  D:00B0H         PUBLIC        P3
  B:0020H.0       PUBLIC        time500ms
  B:00B0H.6       PUBLIC        P36
  C:08BBH         PUBLIC        Irq_CTimer23
  D:00A9H         PUBLIC        TIM2_CR1
  B:0020H.1       PUBLIC        time2ms
  D:00B8H         PUBLIC        IP0
  D:00C0H         PUBLIC        IP1
  D:00C8H         PUBLIC        IP2
  D:00D8H         PUBLIC        IP3
  D:00D0H         PUBLIC        PSW
  -------         PROC          IRQ_CTIMER23
  -------         DO            
  D:0041H         SYMBOL        TimeCount
  -------         ENDDO         
  C:08BBH         LINE#         38
  C:08BFH         LINE#         42
  C:08C4H         LINE#         43
  C:08C4H         LINE#         44
  C:08C6H         LINE#         45
  C:08C8H         LINE#         47
  C:08CDH         LINE#         48
  C:08CDH         LINE#         49
  C:08CFH         LINE#         50
  C:08D2H         LINE#         51
  C:08D4H         LINE#         52
  C:08D4H         LINE#         55
  C:08D7H         LINE#         56
  C:08D7H         LINE#         57
  -------         ENDPROC       IRQ_CTIMER23
  -------         ENDMOD        INTERRUPT

  -------         MODULE        MAIN
  C:0000H         SYMBOL        _ICE_DUMMY_
  D:0080H         PUBLIC        P0
  D:0090H         PUBLIC        P1
  D:00A0H         PUBLIC        P2
  D:00B0H         PUBLIC        P3
  C:067AH         PUBLIC        main
  B:00B0H.7       PUBLIC        P37
  D:00B8H         PUBLIC        IP0
  D:00C0H         PUBLIC        IP1
  D:00C8H         PUBLIC        IP2
  D:00D8H         PUBLIC        IP3
  D:00D0H         PUBLIC        PSW
  -------         PROC          MAIN
  -------         DO            
  B:0020H.2       SYMBOL        main2ms
  D:0008H         SYMBOL        DatLast
  D:000AH         SYMBOL        DatOut
  D:000CH         SYMBOL        i
  -------         ENDDO         
BL51 BANKED LINKER/LOCATER V6.22                                                      04/05/2017  22:53:34  PAGE 5


  C:067AH         LINE#         33
  C:067AH         LINE#         34
  C:067AH         LINE#         38
  C:067FH         LINE#         40
  C:0682H         LINE#         42
  C:0682H         LINE#         43
  C:0682H         LINE#         44
  C:0686H         LINE#         45
  C:0689H         LINE#         46
  C:0689H         LINE#         47
  C:068BH         LINE#         49
  C:068EH         LINE#         50
  C:069AH         LINE#         51
  C:06A0H         LINE#         53
  C:06A2H         LINE#         56
  C:06A9H         LINE#         59
  C:06AFH         LINE#         60
  C:06B4H         LINE#         61
  C:06BDH         LINE#         62
  C:06C2H         LINE#         64
  C:06C7H         LINE#         65
  C:06CEH         LINE#         67
  C:06D0H         LINE#         68
  C:06D0H         LINE#         69
  -------         ENDPROC       MAIN
  -------         ENDMOD        MAIN

  -------         MODULE        AS5048
  C:0000H         SYMBOL        _ICE_DUMMY_
  D:0080H         PUBLIC        P0
  D:0090H         PUBLIC        P1
  D:00A0H         PUBLIC        P2
  D:00B0H         PUBLIC        P3
  D:003FH         PUBLIC        Angle_AS5048
  C:03F9H         PUBLIC        _Read_AS5048
  D:00B8H         PUBLIC        IP0
  D:00C0H         PUBLIC        IP1
  D:00C8H         PUBLIC        IP2
  D:00D8H         PUBLIC        IP3
  C:0511H         PUBLIC        _Write_AS5048
  C:07CFH         SYMBOL        _Parity16
  D:00D0H         PUBLIC        PSW
  C:0808H         PUBLIC        Read_ANG_AS5048
  -------         PROC          _PARITY16
  D:0006H         SYMBOL        Dat
  -------         DO            
  D:0004H         SYMBOL        tmp
  -------         ENDDO         
  C:07CFH         LINE#         39
  C:07CFH         LINE#         40
  C:07CFH         LINE#         41
  C:07D5H         LINE#         43
  C:07DFH         LINE#         44
  C:07F0H         LINE#         45
  C:0802H         LINE#         46
  C:0805H         LINE#         48
  C:0807H         LINE#         49
BL51 BANKED LINKER/LOCATER V6.22                                                      04/05/2017  22:53:34  PAGE 6


  -------         ENDPROC       _PARITY16
  -------         PROC          _WRITE_AS5048
  D:0006H         SYMBOL        Addr
  D:0002H         SYMBOL        Dat
  -------         DO            
  D:003BH         SYMBOL        WriteAddr
  D:003DH         SYMBOL        WriteDat
  -------         ENDDO         
  C:0511H         LINE#         61
  C:0515H         LINE#         62
  C:0515H         LINE#         66
  C:0523H         LINE#         67
  C:0541H         LINE#         68
  C:0551H         LINE#         69
  C:056FH         LINE#         71
  C:0576H         LINE#         72
  C:057DH         LINE#         73
  C:0584H         LINE#         74
  C:0588H         LINE#         75
  C:058FH         LINE#         76
  C:0596H         LINE#         77
  -------         ENDPROC       _WRITE_AS5048
  -------         PROC          _READ_AS5048
  D:0006H         SYMBOL        Addr
  D:002DH         SYMBOL        Dat
  -------         DO            
  D:0030H         SYMBOL        WriteDat
  D:0032H         SYMBOL        ReadDat
  -------         ENDDO         
  C:03F9H         LINE#         90
  C:03FFH         LINE#         91
  C:03FFH         LINE#         95
  C:040DH         LINE#         96
  C:0410H         LINE#         97
  C:042EH         LINE#         99
  C:0435H         LINE#         100
  C:043CH         LINE#         101
  C:0443H         LINE#         102
  C:0447H         LINE#         103
  C:0451H         LINE#         104
  C:0458H         LINE#         106
  C:0470H         LINE#         107
  C:0470H         LINE#         108
  C:0481H         LINE#         109
  C:0483H         LINE#         110
  C:0483H         LINE#         112
  C:0484H         LINE#         113
  -------         ENDPROC       _READ_AS5048
  -------         PROC          READ_ANG_AS5048
  C:0808H         LINE#         124
  C:0808H         LINE#         125
  C:0808H         LINE#         126
  C:080FH         LINE#         127
  C:0816H         LINE#         128
  C:081DH         LINE#         129
  C:0821H         LINE#         130
  C:0835H         LINE#         131
BL51 BANKED LINKER/LOCATER V6.22                                                      04/05/2017  22:53:34  PAGE 7


  C:083CH         LINE#         132
  -------         ENDPROC       READ_ANG_AS5048
  -------         ENDMOD        AS5048

  -------         MODULE        FU68XX_CTIMER
  C:0000H         SYMBOL        _ICE_DUMMY_
  D:0080H         PUBLIC        P0
  D:0090H         PUBLIC        P1
  D:00A0H         PUBLIC        P2
  D:00B0H         PUBLIC        P3
  D:00ACH         PUBLIC        TIM2_DR
  D:00A4H         PUBLIC        TIM3_DR
  D:0094H         PUBLIC        TIM4_DR
  D:008CH         PUBLIC        TIM5_DR
  C:0047H         PUBLIC        phsel
  C:071FH         PUBLIC        _switch_CTimer
  C:0597H         PUBLIC        _Init_CTimer
  D:00A1H         PUBLIC        TIM2_CR0
  D:009CH         PUBLIC        TIM3_CR0
  D:00A9H         PUBLIC        TIM2_CR1
  D:009EH         PUBLIC        TIM4_CR0
  D:009DH         PUBLIC        TIM3_CR1
  D:0089H         PUBLIC        TIM5_CR0
  D:009FH         PUBLIC        TIM4_CR1
  D:0091H         PUBLIC        TIM5_CR1
  D:00AEH         PUBLIC        TIM2_ARR
  D:00A6H         PUBLIC        TIM3_ARR
  D:0096H         PUBLIC        TIM4_ARR
  D:008EH         PUBLIC        TIM5_ARR
  -------         PROC          _INIT_CTIMER
  D:0007H         SYMBOL        num
  D:0005H         SYMBOL        cr0
  D:0003H         SYMBOL        cr1
  D:0011H         SYMBOL        arr
  D:0013H         SYMBOL        dr
  C:0597H         LINE#         31
  C:0597H         LINE#         32
  C:0597H         LINE#         33
  C:05A6H         LINE#         34
  C:05A6H         LINE#         35
  C:05B8H         LINE#         36
  C:05CAH         LINE#         37
  C:05DCH         LINE#         38
  C:05ECH         LINE#         40
  C:05ECH         LINE#         42
  C:0604H         LINE#         43
  C:0617H         LINE#         44
  -------         ENDPROC       _INIT_CTIMER
  -------         PROC          _SWITCH_CTIMER
  D:0007H         SYMBOL        num
  B:0020H.4       SYMBOL        sw
  C:071FH         LINE#         56
  C:071FH         LINE#         57
  C:071FH         LINE#         58
  C:072EH         LINE#         59
  C:072EH         LINE#         60
  C:072EH         LINE#         61
BL51 BANKED LINKER/LOCATER V6.22                                                      04/05/2017  22:53:34  PAGE 8


  C:0735H         LINE#         62
  C:0738H         LINE#         63
  C:0739H         LINE#         65
  C:0739H         LINE#         66
  C:0740H         LINE#         67
  C:0743H         LINE#         68
  C:0744H         LINE#         70
  C:0744H         LINE#         71
  C:074BH         LINE#         72
  C:074EH         LINE#         73
  C:074FH         LINE#         75
  C:074FH         LINE#         76
  C:0756H         LINE#         77
  C:0759H         LINE#         78
  C:0759H         LINE#         79
  C:0759H         LINE#         80
  -------         ENDPROC       _SWITCH_CTIMER
  -------         ENDMOD        FU68XX_CTIMER

  -------         MODULE        FU68XX_SPI
  C:0000H         SYMBOL        _ICE_DUMMY_
  D:0080H         PUBLIC        P0
  D:0090H         PUBLIC        P1
  D:00A0H         PUBLIC        P2
  D:00B0H         PUBLIC        P3
  C:06D2H         PUBLIC        _SendReceive_Bytes_SPI
  C:0933H         PUBLIC        _SendReceive_Byte_SPI
  B:00A8H.3       PUBLIC        SPI_IE
  C:0894H         PUBLIC        _SendReceive_DByte_SPI
  C:075AH         PUBLIC        _Init_SPI
  -------         PROC          _INIT_SPI
  D:000EH         SYMBOL        Line_Mode
  D:000FH         SYMBOL        Config
  D:0010H         SYMBOL        SPEED
  B:0020H.3       SYMBOL        EnIrq
  C:075AH         LINE#         36
  C:075EH         LINE#         37
  C:075EH         LINE#         38
  C:0777H         LINE#         39
  C:0785H         LINE#         41
  C:078BH         LINE#         42
  C:0790H         LINE#         43
  C:0794H         LINE#         44
  -------         ENDPROC       _INIT_SPI
  -------         PROC          _SENDRECEIVE_BYTE_SPI
  D:0007H         SYMBOL        SendDat
  C:0933H         LINE#         56
  C:0933H         LINE#         57
  C:0933H         LINE#         58
  C:0938H         LINE#         59
  C:093FH         LINE#         61
  C:0944H         LINE#         62
  -------         ENDPROC       _SENDRECEIVE_BYTE_SPI
  -------         PROC          _SENDRECEIVE_DBYTE_SPI
  D:0004H         SYMBOL        SendDat
  -------         DO            
  D:0006H         SYMBOL        tmp
BL51 BANKED LINKER/LOCATER V6.22                                                      04/05/2017  22:53:34  PAGE 9


  -------         ENDDO         
  C:0894H         LINE#         74
  C:0898H         LINE#         75
  C:0898H         LINE#         78
  C:089DH         LINE#         79
  C:08A4H         LINE#         80
  C:08ABH         LINE#         82
  C:08ADH         LINE#         83
  C:08B4H         LINE#         84
  C:08BAH         LINE#         86
  C:08BAH         LINE#         87
  -------         ENDPROC       _SENDRECEIVE_DBYTE_SPI
  -------         PROC          _SENDRECEIVE_BYTES_SPI
  D:0034H         SYMBOL        SendDat
  D:0037H         SYMBOL        ReceiveDat
  D:003AH         SYMBOL        len
  C:06D2H         LINE#         100
  C:06D8H         LINE#         101
  C:06D8H         LINE#         102
  C:06DFH         LINE#         103
  C:06DFH         LINE#         104
  C:06ECH         LINE#         105
  C:06F7H         LINE#         106
  C:0704H         LINE#         108
  C:0711H         LINE#         109
  C:071CH         LINE#         110
  C:071EH         LINE#         111
  -------         ENDPROC       _SENDRECEIVE_BYTES_SPI
  -------         ENDMOD        FU68XX_SPI

  -------         MODULE        FU68XX_UART
  C:0000H         SYMBOL        _ICE_DUMMY_
  D:0080H         PUBLIC        P0
  D:0090H         PUBLIC        P1
  D:00A0H         PUBLIC        P2
  D:00B0H         PUBLIC        P3
  B:00A8H.4       PUBLIC        ES
  B:0098H.1       PUBLIC        TI
  C:0955H         PUBLIC        _Send_Byte_UART
  C:08FDH         PUBLIC        _Send_UART
  C:0795H         PUBLIC        _Init_UART
  D:0098H         PUBLIC        UTCR
  D:0099H         PUBLIC        UTDR
  D:009AH         PUBLIC        UTBU
  -------         PROC          _INIT_UART
  D:000EH         SYMBOL        addr
  D:0005H         SYMBOL        Config
  D:0010H         SYMBOL        bund
  B:0020H.3       SYMBOL        irq
  C:0795H         LINE#         31
  C:0797H         LINE#         32
  C:0797H         LINE#         33
  C:0799H         LINE#         34
  C:07B7H         LINE#         35
  C:07B9H         LINE#         37
  C:07BDH         LINE#         39
  C:07CEH         LINE#         40
BL51 BANKED LINKER/LOCATER V6.22                                                      04/05/2017  22:53:34  PAGE 10


  -------         ENDPROC       _INIT_UART
  -------         PROC          _SEND_UART
  D:0001H         SYMBOL        str
  D:0005H         SYMBOL        Size
  -------         DO            
  D:0007H         SYMBOL        i
  -------         ENDDO         
  C:08FDH         LINE#         52
  C:08FDH         LINE#         53
  C:08FDH         LINE#         54
  C:08FFH         LINE#         56
  C:0904H         LINE#         57
  C:0904H         LINE#         58
  C:0907H         LINE#         59
  C:090CH         LINE#         60
  C:090DH         LINE#         61
  C:0914H         LINE#         62
  C:0916H         LINE#         63
  C:0918H         LINE#         64
  -------         ENDPROC       _SEND_UART
  -------         PROC          _SEND_BYTE_UART
  D:0007H         SYMBOL        dat
  C:0955H         LINE#         75
  C:0955H         LINE#         76
  C:0955H         LINE#         77
  C:0958H         LINE#         78
  C:095AH         LINE#         79
  C:095CH         LINE#         80
  -------         ENDPROC       _SEND_BYTE_UART
  -------         ENDMOD        FU68XX_UART

  -------         MODULE        FU68XX_ADC
  C:0000H         SYMBOL        _ICE_DUMMY_
  C:0003H         PUBLIC        _Init_ADC
  -------         PROC          _INIT_ADC
  D:0007H         SYMBOL        Channel
  D:0005H         SYMBOL        Time
  C:0003H         LINE#         34
  C:0003H         LINE#         35
  C:0003H         LINE#         36
  C:0015H         LINE#         37
  C:0046H         LINE#         38
  -------         ENDPROC       _INIT_ADC
  -------         ENDMOD        FU68XX_ADC

  -------         MODULE        FU68XX_FOC
  C:0000H         SYMBOL        _ICE_DUMMY_
  D:0080H         PUBLIC        P0
  D:0090H         PUBLIC        P1
  D:00A0H         PUBLIC        P2
  D:00B0H         PUBLIC        P3
  C:095DH         SYMBOL        _?ix1000
  C:029CH         PUBLIC        Calibrate_FOC
  C:0352H         PUBLIC        Init_FOC
  D:00F8H         PUBLIC        DRVOUT
  D:00E8H         PUBLIC        FOCSET0
  -------         PROC          CALIBRATE_FOC
BL51 BANKED LINKER/LOCATER V6.22                                                      04/05/2017  22:53:34  PAGE 11


  -------         DO            
  D:0021H         SYMBOL        Buff
  D:0029H         SYMBOL        offset
  D:0003H         SYMBOL        i
  -------         ENDDO         
  C:029CH         LINE#         26
  C:029CH         LINE#         27
  C:029CH         LINE#         28
  C:02AFH         LINE#         32
  C:02B6H         LINE#         33
  C:02BDH         LINE#         35
  C:02BFH         LINE#         36
  C:02BFH         LINE#         37
  C:02C6H         LINE#         38
  C:02CDH         LINE#         39
  C:02D4H         LINE#         41
  C:02F1H         LINE#         42
  C:030BH         LINE#         43
  C:030FH         LINE#         45
  C:0320H         LINE#         46
  C:0331H         LINE#         48
  C:0337H         LINE#         49
  C:0341H         LINE#         51
  C:0347H         LINE#         52
  C:0351H         LINE#         53
  -------         ENDPROC       CALIBRATE_FOC
  -------         PROC          INIT_FOC
  C:0352H         LINE#         63
  C:0352H         LINE#         64
  C:0352H         LINE#         66
  C:0358H         LINE#         67
  C:035CH         LINE#         68
  C:0362H         LINE#         71
  C:0369H         LINE#         77
  C:036FH         LINE#         80
  C:0375H         LINE#         83
  C:0378H         LINE#         87
  C:037EH         LINE#         92
  C:0381H         LINE#         93
  C:0387H         LINE#         94
  C:038DH         LINE#         95
  C:0391H         LINE#         96
  C:039AH         LINE#         97
  C:03A0H         LINE#         99
  C:03A7H         LINE#         100
  C:03ABH         LINE#         101
  C:03B1H         LINE#         102
  C:03B5H         LINE#         103
  C:03BBH         LINE#         110
  C:03C4H         LINE#         111
  C:03CBH         LINE#         112
  C:03D1H         LINE#         113
  C:03D5H         LINE#         114
  C:03DBH         LINE#         116
  C:03E1H         LINE#         119
  C:03E4H         LINE#         121
  C:03EAH         LINE#         122
BL51 BANKED LINKER/LOCATER V6.22                                                      04/05/2017  22:53:34  PAGE 12


  C:03F1H         LINE#         124
  C:03F8H         LINE#         125
  -------         ENDPROC       INIT_FOC
  -------         ENDMOD        FU68XX_FOC

  -------         MODULE        API_RGB
  C:0000H         SYMBOL        _ICE_DUMMY_
  D:0080H         PUBLIC        P0
  D:0090H         PUBLIC        P1
  D:00A0H         PUBLIC        P2
  D:00B0H         PUBLIC        P3
  D:00FFH         PUBLIC        P3OE
  B:00B0H.6       PUBLIC        P36
  B:00B0H.7       PUBLIC        P37
  D:00B8H         PUBLIC        IP0
  D:00C0H         PUBLIC        IP1
  D:00C8H         PUBLIC        IP2
  D:00D8H         PUBLIC        IP3
  C:0945H         PUBLIC        Init_RGB
  D:00D0H         PUBLIC        PSW
  -------         PROC          INIT_RGB
  C:0945H         LINE#         33
  C:0945H         LINE#         34
  C:0945H         LINE#         35
  C:0948H         LINE#         36
  C:094BH         LINE#         37
  C:094EH         LINE#         39
  C:0950H         LINE#         40
  C:0952H         LINE#         41
  C:0954H         LINE#         42
  -------         ENDPROC       INIT_RGB
  -------         ENDMOD        API_RGB

  -------         MODULE        API_ANO_TC
  C:0000H         SYMBOL        _ICE_DUMMY_
  D:0080H         PUBLIC        P0
  D:0090H         PUBLIC        P1
  D:00A0H         PUBLIC        P2
  D:00B0H         PUBLIC        P3
  D:0017H         SYMBOL        AT_B
  D:00B8H         PUBLIC        IP0
  D:00C0H         PUBLIC        IP1
  D:00C8H         PUBLIC        IP2
  D:00D8H         PUBLIC        IP3
  C:0919H         PUBLIC        _Load_ANO_Package
  C:086CH         PUBLIC        _Reset_ANO_Package
  C:083DH         PUBLIC        Send_ANO_Package
  D:00D0H         PUBLIC        PSW
  -------         PROC          _RESET_ANO_PACKAGE
  D:000EH         SYMBOL        Cmd
  D:000FH         SYMBOL        Len
  C:086CH         LINE#         46
  C:0870H         LINE#         47
  C:0870H         LINE#         48
  C:087FH         LINE#         49
  C:0885H         LINE#         50
  C:0888H         LINE#         51
BL51 BANKED LINKER/LOCATER V6.22                                                      04/05/2017  22:53:34  PAGE 13


  C:088BH         LINE#         52
  C:0893H         LINE#         53
  -------         ENDPROC       _RESET_ANO_PACKAGE
  -------         PROC          _LOAD_ANO_PACKAGE
  D:0007H         SYMBOL        Dat
  -------         DO            
  D:0015H         SYMBOL        i
  -------         ENDDO         
  C:0919H         LINE#         65
  C:0919H         LINE#         66
  C:0919H         LINE#         69
  C:0920H         LINE#         70
  C:0925H         LINE#         72
  C:092CH         LINE#         73
  C:092CH         LINE#         74
  C:092FH         LINE#         75
  C:0931H         LINE#         76
  C:0931H         LINE#         78
  C:0932H         LINE#         79
  -------         ENDPROC       _LOAD_ANO_PACKAGE
  -------         PROC          SEND_ANO_PACKAGE
  -------         DO            
  D:0016H         SYMBOL        i
  -------         ENDDO         
  C:083DH         LINE#         90
  C:083DH         LINE#         91
  C:083DH         LINE#         94
  C:0847H         LINE#         96
  C:0849H         LINE#         97
  C:085BH         LINE#         98
  C:085BH         LINE#         99
  C:085EH         LINE#         100
  C:0860H         LINE#         101
  C:0865H         LINE#         102
  C:0865H         LINE#         103
  C:0868H         LINE#         104
  C:086AH         LINE#         105
  C:086AH         LINE#         107
  C:086BH         LINE#         108
  -------         ENDPROC       SEND_ANO_PACKAGE
  -------         ENDMOD        API_ANO_TC

  -------         MODULE        API_DELAY
  C:0000H         SYMBOL        _ICE_DUMMY_
  C:08DCH         PUBLIC        _ms_Delay
  -------         PROC          _MS_DELAY
  D:0006H         SYMBOL        k
  -------         DO            
  D:0004H         SYMBOL        i
  D:0002H         SYMBOL        j
  -------         ENDDO         
  C:08DCH         LINE#         34
  C:08DCH         LINE#         35
  C:08DCH         LINE#         38
  C:08E7H         LINE#         39
  C:08E7H         LINE#         40
  C:08F5H         LINE#         41
BL51 BANKED LINKER/LOCATER V6.22                                                      04/05/2017  22:53:34  PAGE 14


  C:08FCH         LINE#         42
  -------         ENDPROC       _MS_DELAY
  -------         ENDMOD        API_DELAY

  -------         MODULE        ?C?COPY
  C:011EH         PUBLIC        ?C?COPY
  -------         ENDMOD        ?C?COPY

  -------         MODULE        ?C?CLDPTR
  C:0144H         PUBLIC        ?C?CLDPTR
  -------         ENDMOD        ?C?CLDPTR

  -------         MODULE        ?C?CSTPTR
  C:015DH         PUBLIC        ?C?CSTPTR
  -------         ENDMOD        ?C?CSTPTR

  -------         MODULE        ?C?ISTPTR
  C:016FH         PUBLIC        ?C?ISTPTR
  -------         ENDMOD        ?C?ISTPTR

  -------         MODULE        ?C?ULDIV
  C:01CAH         PUBLIC        ?C?ULDIV
  -------         ENDMOD        ?C?ULDIV

  -------         MODULE        ?C?SLSHR
  C:025CH         PUBLIC        ?C?SLSHR
  -------         ENDMOD        ?C?SLSHR

  -------         MODULE        ?C?MEMSET
  C:0270H         PUBLIC        ?C?MEMSET
  -------         ENDMOD        ?C?MEMSET

*** WARNING L16: UNCALLED SEGMENT, IGNORED FOR OVERLAY PROCESS
    SEGMENT: ?PR?_WRITE_AS5048?AS5048

*** WARNING L16: UNCALLED SEGMENT, IGNORED FOR OVERLAY PROCESS
    SEGMENT: ?PR?_READ_AS5048?AS5048

*** WARNING L16: UNCALLED SEGMENT, IGNORED FOR OVERLAY PROCESS
    SEGMENT: ?PR?_SWITCH_CTIMER?FU68XX_CTIMER

*** WARNING L16: UNCALLED SEGMENT, IGNORED FOR OVERLAY PROCESS
    SEGMENT: ?PR?_SENDRECEIVE_BYTE_SPI?FU68XX_SPI

*** WARNING L16: UNCALLED SEGMENT, IGNORED FOR OVERLAY PROCESS
    SEGMENT: ?PR?_SENDRECEIVE_BYTES_SPI?FU68XX_SPI

*** WARNING L16: UNCALLED SEGMENT, IGNORED FOR OVERLAY PROCESS
    SEGMENT: ?PR?_SEND_UART?FU68XX_UART

*** WARNING L16: UNCALLED SEGMENT, IGNORED FOR OVERLAY PROCESS
    SEGMENT: ?PR?CALIBRATE_FOC?FU68XX_FOC

Program Size: data=66.5 xdata=0 code=2412
LINK/LOCATE RUN COMPLETE.  7 WARNING(S),  0 ERROR(S)
